// Jest Snapshot v1, https://goo.gl/fbAQLP

exports[`Given an instance of FavoriteStreamer component When receives streamerInfo Then it should follow the snapshots shape 1`] = `
<article
  className="sc-dkPtRN kWuYUg"
>
  <header
    className="sc-eCImPb gQPsoR"
  >
    <img
      alt="adri"
      src="a-very-specific-image-url.png"
    />
    <div
      className="streamer-name-block"
    >
      <div>
        <h2>
          adri
        </h2>
      </div>
      <div
        className="sc-hKwDye cnHelE"
      >
        <button
          className="sc-gsDKAQ dQpKYz"
          onClick={[Function]}
          type="button"
        >
          <img
            alt="Edit button"
            src="img/pencil-solid.svg"
          />
        </button>
      </div>
    </div>
    <button
      className="sc-gsDKAQ dQpKYz"
      onClick={[Function]}
      type="button"
    >
      <img
        alt="Shish-Kebab Button"
        src="img/shish-kebab.png"
      />
    </button>
  </header>
  <ul
    className="sc-bdvvtL jqhVmU"
  />
</article>
`;
