// Jest Snapshot v1, https://goo.gl/fbAQLP

exports[`Given an instance of FavoriteStreamer component When receives streamerInfo Then it should follow the snapshots shape 1`] = `
<article
  className="sc-dkPtRN kWuYUg"
>
  <header
    className="sc-hKwDye hkUywq"
  >
    <img
      alt="adri"
      src="a-very-specific-image-url.png"
    />
    <div>
      <p>
        online/offline
      </p>
      <div
        className="streamer-name-block"
      >
        <h2>
          adri
        </h2>
        <button>
          edit button
        </button>
      </div>
    </div>
    <button
      className="sc-gsDKAQ QrzIO"
      onClick={[Function]}
      type="button"
    >
      <img
        alt="Shish-Kebab Button"
        src="img/multidurum.png"
      />
    </button>
  </header>
  <ul
    className="sc-bdvvtL jqhVmU"
  />
</article>
`;
