// Jest Snapshot v1, https://goo.gl/fbAQLP

exports[`Given a NavBar component When it get a const newNavBar that creates NavBar then it should create and compare a snapshot with newNavBar 1`] = `
<div
  className="sc-gsDKAQ chhDzX"
>
  <div
    className="sc-dkPtRN cWHyyC"
  >
    <a
      href="/home"
      onClick={[Function]}
      role="button"
    >
      HOME
    </a>
  </div>
  <a
    href="/form"
    onClick={[Function]}
  >
    <button
      className="sc-bdvvtL zlpSU"
      type="button"
    >
      <img
        alt="multidurum"
        src="img/multidurum.png"
      />
    </button>
  </a>
  <div
    className="sc-dkPtRN cWHyyC"
  >
    <a
      href="/favorites"
      onClick={[Function]}
      role="button"
    >
      FAVS
    </a>
  </div>
</div>
`;
