// Jest Snapshot v1, https://goo.gl/fbAQLP

exports[`Given the Detail component When it get a const streamer that creates a streamer with StreamerData as props then it should create and compare a snapshot with Streamer with StreamerData as component 1`] = `
<article
  className="sc-bdvvtL hhRZGJ streamerDetail"
>
  <img
    alt="Streamer"
    className="sc-gsDKAQ dZDBla streamerPicture"
    src="https://static-cdn.jtvnw.net/jtv_user_pictures/41b23352-5c99-4eb2-974b-1e9b8120425e-profile_image-300x300.png"
  />
  <p
    className="sc-hKwDye feWYtE displayName"
  >
    Name: 
    LEC
  </p>
  <p
    className="sc-eCImPb fybBUm twitchChannel"
  >
    Twitch Channel: 
    Channel 1
  </p>
  <p
    className="sc-jRQBWg lfjxiL StreamerDescription"
  >
    Description:
     
    texto breve
  </p>
  <p
    className="sc-gKclnd jeNoGN"
  >
    View Count: 
  </p>
  <p
    className="sc-dkPtRN fpdgPH broadcasterType"
  >
    Contract: 
    partner
  </p>
  <p
    className="sc-hKwDye feWYtE displayName"
  >
    On Twitch for: 
    LEC
  </p>
</article>
`;
