// Jest Snapshot v1, https://goo.gl/fbAQLP

exports[`Given the Detail component When it get a const streamer that creates a streamer with StreamerData as props then it should create and compare a snapshot with Streamer with StreamerData as component 1`] = `
<article
  className="sc-bdvvtL hhRZGJ streamerDetail"
>
  <img
    alt="Streamer"
    className="sc-gsDKAQ dZDBla streamerPicture"
  />
  <p
    className="sc-hKwDye feWYtE displayName"
  >
    Name: 
  </p>
  <p
    className="sc-eCImPb fybBUm twitchChannel"
  >
    Twitch Channel: 
  </p>
  <p
    className="sc-gKclnd jeNoGN StreamerDescription"
  >
    Description: 
  </p>
  <p
    className="sc-iCfMLu SxydA"
  >
    View Count: 
  </p>
  <p
    className="sc-dkPtRN fpdgPH broadcasterType"
  >
    Contract: 
  </p>
  <p
    className="sc-jRQBWg lfjxiL created_at"
  >
    On Twitch for: 
  </p>
</article>
`;
