// Jest Snapshot v1, https://goo.gl/fbAQLP

exports[`Given a ListStreamer When it get a const listStreamer that creates ListStramer with 1 streamer then it should create and compare a snapshot with ListStreamer and the created Streamer 1`] = `
<div
  className="sc-jRQBWg eypVQJ container"
>
  <article
    className="sc-dkPtRN dyQQWI"
  >
    <header
      className="sc-eCImPb gQPsoR"
    >
      <img
        alt="wololoo"
        src="verySpecificUrl.png"
      />
      <div
        className="streamer-name-block"
      >
        <div>
          <h2>
            wololoo
          </h2>
        </div>
        <div
          className="sc-hKwDye cnHelE"
        >
          <button
            className="sc-gsDKAQ dQpKYz"
            onClick={[Function]}
            type="button"
          >
            <img
              alt="Edit button"
              src="img/pencil-solid.svg"
            />
          </button>
        </div>
      </div>
      <button
        className="sc-gsDKAQ dQpKYz"
        onClick={[Function]}
        title="Delete from favorites"
        type="button"
      >
        <img
          alt="Shish-Kebab delete Button"
          src="img/shish-kebab.png"
        />
      </button>
    </header>
    <ul
      className="sc-bdvvtL jqhVmU"
    />
  </article>
  <article
    className="sc-dkPtRN dyQQWI"
  >
    <header
      className="sc-eCImPb gQPsoR"
    >
      <img
        alt="wololoo"
        src="verySpecificUrl.png"
      />
      <div
        className="streamer-name-block"
      >
        <div>
          <h2>
            wololoo
          </h2>
        </div>
        <div
          className="sc-hKwDye cnHelE"
        >
          <button
            className="sc-gsDKAQ dQpKYz"
            onClick={[Function]}
            type="button"
          >
            <img
              alt="Edit button"
              src="img/pencil-solid.svg"
            />
          </button>
        </div>
      </div>
      <button
        className="sc-gsDKAQ dQpKYz"
        onClick={[Function]}
        title="Delete from favorites"
        type="button"
      >
        <img
          alt="Shish-Kebab delete Button"
          src="img/shish-kebab.png"
        />
      </button>
    </header>
    <ul
      className="sc-bdvvtL jqhVmU"
    />
  </article>
</div>
`;
