// Jest Snapshot v1, https://goo.gl/fbAQLP

exports[`Given a ListStreamer When it get a const listStreamer that creates ListStramer with 1 streamer then it should create and compare a snapshot with ListStreamer and the created Streamer 1`] = `
<div
  className="sc-eCImPb beMkJu container"
>
  <article
    className="sc-dkPtRN kWuYUg"
  >
    <header
      className="sc-hKwDye hkUywq"
    >
      <img
        alt="undefined"
      />
      <div>
        <p>
          online/offline
        </p>
        <div
          className="streamer-name-block"
        >
          <h2 />
          <button>
            edit button
          </button>
        </div>
      </div>
      <button
        className="sc-gsDKAQ iLDyBF"
        onClick={[Function]}
        type="button"
      >
        <img
          alt="Shish-Kebab Button"
          src="img/multidurum.png"
        />
      </button>
    </header>
    <ul
      className="sc-bdvvtL jqhVmU"
    />
  </article>
  <article
    className="sc-dkPtRN kWuYUg"
  >
    <header
      className="sc-hKwDye hkUywq"
    >
      <img
        alt="undefined"
      />
      <div>
        <p>
          online/offline
        </p>
        <div
          className="streamer-name-block"
        >
          <h2 />
          <button>
            edit button
          </button>
        </div>
      </div>
      <button
        className="sc-gsDKAQ iLDyBF"
        onClick={[Function]}
        type="button"
      >
        <img
          alt="Shish-Kebab Button"
          src="img/multidurum.png"
        />
      </button>
    </header>
    <ul
      className="sc-bdvvtL jqhVmU"
    />
  </article>
</div>
`;
