// Jest Snapshot v1, https://goo.gl/fbAQLP

exports[` 1`] = `
<div>
  <header
    className="sc-gsDKAQ lgLrrS"
  >
    <button
      className="sc-bdvvtL cgHFUT"
      onClick={[Function]}
      type="button"
    >
      <img
        alt="logo shawarma"
        src="img/logo.png"
      />
    </button>
    <img
      alt="streaming header title"
      className="sc-dkPtRN eSHNya"
      src="img/streaminglight.png"
    />
    <img
      alt="streaming header title"
      className="sc-hKwDye fVvAZv"
      src="img/shawarmalight.png"
    />
  </header>
  <div
    className="sc-jRQBWg issXiZ"
  >
    <button
      className="sc-eCImPb cJVRaK"
      onClick={[Function]}
      type="button"
    >
      HOME
    </button>
    <button
      className="sc-bdvvtL cgHFUT"
      onClick={[Function]}
      type="button"
    >
      <img
        alt="multidurum"
        src="img/multidurum.png"
      />
    </button>
    <button
      className="sc-eCImPb cJVRaK"
      onClick={[Function]}
      type="button"
    >
      FAVS
    </button>
  </div>
  <article
    className="sc-gKclnd hQnfJi"
  >
    <header
      className="sc-iCfMLu bngWWC"
    >
      <img
        alt="Wololoo"
        src="https://media.kingston.com/hyperx/bio/hx-bio-influencer-dendi.jpg"
      />
      <div>
        <p>
          online/offline
        </p>
        <div
          className="streamer-name-block"
        >
          <h2>
            Wololoo
          </h2>
          <button>
            edit button
          </button>
        </div>
      </div>
      <button>
        shish-kebab
      </button>
    </header>
    <div>
      Reel Container
    </div>
  </article>
</div>
`;
