// Jest Snapshot v1, https://goo.gl/fbAQLP

exports[`Given the Streamer component When it get a const streamer that creates a streamer with StreamerInfo as props then it should create and compare a snapshot with Streamer with StreamerInfo as component 1`] = `
<article
  className="sc-bdvvtL lenojC streamerMain"
>
  <div
    className="sc-gsDKAQ"
  >
    <img
      alt="Streamer"
      className="sc-hKwDye eyfpIZ streamerPicture"
      src="https://static-cdn.jtvnw.net/jtv_user_pictures/41b23352-5c99-4eb2-974b-1e9b8120425e-profile_image-300x300.png"
    />
    <p
      className="sc-eCImPb ivAPqd broadcasterType"
    >
      partner
    </p>
  </div>
  <div
    className="sc-dkPtRN bNzhNO"
  >
    <p
      className="sc-jRQBWg iRoBWE displayName"
    >
      LEC
    </p>
    <p
      className="sc-gKclnd hxBGbz onlineType"
    >
      online
    </p>
    <p
      className="sc-iCfMLu fBeufj StreamerDescription"
    >
      texto breve
    </p>
  </div>
</article>
`;
