// Jest Snapshot v1, https://goo.gl/fbAQLP

exports[`Given the Streamer component When it gets a const streamer that creates a streamer with StreamerInfo as props then it should create and compare a snapshot with Streamer with StreamerInfo as component 1`] = `
<article
  className="sc-gsDKAQ gjFBph streamerMain"
  onClick={[Function]}
>
  <div
    className="sc-dkPtRN"
  >
    <img
      alt="Streamer"
      className="sc-eCImPb jtrcDZ streamerPicture"
      src="https://static-cdn.jtvnw.net/jtv_user_pictures/41b23352-5c99-4eb2-974b-1e9b8120425e-profile_image-300x300.png"
    />
    <p
      className="sc-jRQBWg cFTUEa broadcasterType"
    >
      partner
    </p>
  </div>
  <div
    className="sc-hKwDye kYObYN"
  >
    <p
      className="sc-gKclnd bEvnvO displayName"
    >
      LEC
    </p>
    <p
      className="sc-iCfMLu bCfYNq onlineType"
    >
      online
    </p>
    <button
      className="sc-bdvvtL jAUNTG"
      onClick={[Function]}
      type="button"
    >
      <img
        alt="shawarma icon"
        src="img/multidurum.png"
      />
    </button>
    <p
      className="sc-furwcr kDLFXU StreamerDescription"
    >
      texto breve
    </p>
  </div>
</article>
`;
