// Jest Snapshot v1, https://goo.gl/fbAQLP

exports[`Given the Streamer component When it gets a const streamer that creates a streamer with StreamerInfo as props then it should create and compare a snapshot with Streamer with StreamerInfo as component 1`] = `
<article
  className="sc-gsDKAQ hnSXFn streamerMain"
>
  <div
    className="sc-dkPtRN"
  >
    <img
      alt="Streamer"
      className="sc-eCImPb jtrcDZ streamerPicture"
      src="https://static-cdn.jtvnw.net/jtv_user_pictures/41b23352-5c99-4eb2-974b-1e9b8120425e-profile_image-300x300.png"
    />
    <p
      className="sc-jRQBWg cFTUEa broadcasterType"
    >
      partner
    </p>
  </div>
  <div
    className="sc-hKwDye fnrGzJ"
    onClick={[Function]}
  >
    <p
      className="sc-gKclnd eOzUoE displayName"
    >
      LEC
    </p>
    <p
      className="sc-iCfMLu jHNoml onlineType"
    >
      online
    </p>
    <p
      className="sc-furwcr dwVSQB StreamerDescription"
    >
      texto breve
    </p>
  </div>
  <button
    className="sc-bdvvtL jAUNTG newClass"
    onClick={[Function]}
    type="button"
  >
    <img
      alt="shawarma icon"
      src="img/favDown.png"
    />
  </button>
</article>
`;
